Device: cuda
데이터 로드 중...
  train=95890  val=20548
Loading weights:   0%|          | 0/201 [00:00<?, ?it/s]Loading weights: 100%|##########| 201/201 [00:00<00:00, 17632.34it/s]
train CLS 임베딩/예측 추출 중...
  shape: (95890, 768)
val CLS 임베딩/예측 추출 중...
  shape: (20548, 768)
20개 테스트 메시지 임베딩/기본예측 계산 중...
KNN 인덱스 fit + 거리/이웃인덱스 계산 중 (K=20, 1회만 수행)...
  train purity 분포: mean=0.996  std=0.052  min=0.000  max=1.000
PCT=96 기준으로 raw / combo 두 방식 채점 중...
====================================================================================================
[7단계] 이웃 라벨 일치도(purity) 결합 검증 실험 (K=20, PCT=96 고정)
====================================================================================================
raw(기존)    : score = mean(KNN거리)
combo(purity): score = mean(KNN거리) * (1 - purity)
               purity = K개 이웃 중 '진짜 라벨'이 '내 예측 라벨'과 일치하는 비율
               (이웃들이 내 예측과 일관되면 score 깎임->구제, 뒤섞이면 score 유지->계속 거부)
train purity 분포: 평균=0.996  표준편차=0.052  최소=0.000  최대=1.000   (참고: confidence는 0.85~0.95 좁은 구간에 쏠려 변별력이 없었음)
학습 샘플 수: 95890   |   노벨 시나리오 메시지 번호: [1, 2, 3, 4, 5, 9, 10] (총 7개 - 해킹/광케이블/태양폭풍/반도체/해수면/댐/핵발전소 등 기존 5개 재난유형 범주를 벗어나는 신종 시나리오)

      방식       |      학습거부     거부율 |      정분류였는데 거부     오분류라서 거부 |  20개중 OOD |    노벨 7개중 탐지
----------------------------------------------------------------------------------------------------
   raw(기존)     |      3280   3.42% |           2878          402 |        11 |         3/7
combo(purity)  |      1518   1.58% |           1104          414 |         4 |         0/7

[raw -> combo 변화] 학습거부 3280 -> 1518 (-1762),  정분류였는데 거부 2878 -> 1104 (-1774),  노벨탐지 3/7 -> 0/7

[학습 데이터 차원 raw -> combo 전환 분석]
  - 억울한 거부에서 구제됨 (정분류인데 raw=OOD -> combo=in)      :   2427 건  (방향 B 개선)
  - 오분류 거부에서 풀려남 (오분류인데 raw=OOD -> combo=in)       :     23 건  (놓친 오분류, 부작용)
  - 새로 억울하게 거부됨 (정분류인데 raw=in  -> combo=OOD)       :    653 건  (새 부작용)
  - 새로 오분류 거부 포착 (오분류인데 raw=in  -> combo=OOD)       :     35 건  (방향 A 개선)

[기준 raw 대비, 20개 메시지 OOD 판정이 바뀌는 지점 (combo 적용 시)]
  OOD->in 전환 [2, 5, 8, 9, 11, 13, 16] (이 중 노벨 손실: [2, 5, 9])
  in->OOD 전환 없음 (이 중 노벨 추가: 없음)

====================================================================================================
[20개 메시지 OOD 판정 상세: raw vs combo (purity 포함)]
====================================================================================================
 #  정답    기본예측   purity     raw  combo   메시지
----------------------------------------------------------------------------------------------------
 1* L 4     L2    100.0%     in    in    컴퓨터 해킹으로 전력망 마비. 병원 비상전원 가동 중. 인근 주민 대...
 2* L 3     L0    100.0%    OOD    in    해저 광케이블 절단으로 광역 통신 두절. 비상 연락망 사용 바람.
 3* L 3     L1    100.0%     in    in    태양폭풍으로 GPS통신위성 오작동. 항공선박 운항 위험. 야외 활동 ...
 4* L 4     L2    100.0%     in    in    반도체 공장 냉각수 유출. 독성물질 검출. 인근 2km 주민 실내 대...
 5* L 4     L0    100.0%    OOD    in    해수면 급상승으로 해안 저지대 침수 진행 중. 고지대 이동 바람.
 6  L 2     L1    100.0%     in    in    가스관 노후로 인한 누출 감지. 불꽃 사용 삼가고 환기 권장.
 7  L 2     L2      0.0%    OOD   OOD    열돔 현상 지속. 사흘째 40도 이상. 야외 노동자 노약자 건강 위협...
 8  L 3     L2    100.0%    OOD    in    지하철 전기 합선으로 연기 발생. 해당 노선 운행 중단. 승객 역사 ...
 9* L 4     L2    100.0%    OOD    in    강 상류 댐 균열 발견. 하류 주민 고지대 이동 권장.
10* L 4     L2    100.0%     in    in    핵발전소 냉각 계통 이상. 반경 10km 주민 예방 대피 진행 중.
11  L 3     L1    100.0%    OOD    in    대규모 산불 확산 중. 바람 방향 주의 요망. 연기 흡입 피해야.
12  L 1     L0    100.0%     in    in    오늘 밤부터 기온이 영하 20도까지 떨어질 예정. 수도관 관리 각별히...
13  L 1     L1    100.0%    OOD    in    신종 호흡기 바이러스 지역사회 전파 확인. 마스크 착용 손씻기 생활화...
14  L 2     L2    100.0%     in    in    바이러스 변종 출현. 기존 백신 효능 불명확. 외출 최소화 권고.
15  L 1     L1     90.0%    OOD   OOD    황사 농도 매우 나쁨. 미세먼지 동반. 창문 닫고 외출 시 마스크 필...
16  L 1     L1    100.0%    OOD    in    항 인근 해역 적조 발생. 어패류 채취 섭취 주의.
17  L 1     L1    100.0%     in    in    AI조류인플루엔자 의심 사례 발생. 가금류 접촉 자제.
18  L 3     L1    100.0%     in    in    도심 집중호우로 지하차도 침수. 우회 도로 이용 바람.
19  L 3     L2      0.0%    OOD   OOD    고압 전선 도로 낙하. 접근하지 마시고 신고 바람.
20  L 3     L2     95.0%    OOD   OOD    식수원 오염 의심. 수돗물 음용 잠정 중단. 생수 배급 예정.

* = 노벨 시나리오로 간주한 메시지

[참고: 억울한 거부에서 구제된 샘플 예시 (총 2427건 중 최대 8건 샘플)]
  - 정답=L1 예측=L1(purity=100.0%) raw_score=0.041681 combo_score=0.000000 | 폭염 노출 위험시간 도래, 영농활동 및 방제작업은 즉시 중단하고, 충분한 휴식과 수분 섭취로 안전에
  - 정답=L3 예측=L3(purity=100.0%) raw_score=0.003529 combo_score=0.000000 | 구례군 일원 산사태 주의보 발령. 주말까지 매우 강하고 많은 비가 예상되니, 산림 주변 위험지역 접
  - 정답=L3 예측=L3(purity=100.0%) raw_score=0.034743 combo_score=0.000000 | 금일 계속된 호우 경보 및 21시 경 만조로 동천 수위 상승 우려가 있어 동천 일원 침수 우려지역 
  - 정답=L0 예측=L0(purity=100.0%) raw_score=0.010075 combo_score=0.000000 | 경남23(66세,남) 동선  09:30유내과(성산가음시장대상가)→10:00신세계약국(성산가음시장대상
  - 정답=L0 예측=L0(purity=100.0%) raw_score=0.021106 combo_score=0.000000 | 12.14.24시확진60명(목포11,여수3,순천9,나주3,광양1,담양1,구례2,고흥6,보성2,화순1
  - 정답=L0 예측=L0(purity=100.0%) raw_score=0.012129 combo_score=0.000000 | 타시도확진자(대전59번) 우리시 동선. 종촌동가재마을1단지 거주. 6.15. 11:00~12:30 
  - 정답=L3 예측=L3(purity=100.0%) raw_score=0.005861 combo_score=0.000000 | 현재 호우 경보로 인해 진주-산청 국도(용산, 팔미, 시목, 오미, 외율 일대) 굴다리 구간 전면 
  - 정답=L1 예측=L1(purity=100.0%) raw_score=0.009110 combo_score=0.000000 | 우리시에 비가 많이 내려 산사태가 우려되니 산림 주변에서는 야외 활동을 자제하시고 산에 있을 경우 

[참고: combo 적용 후 새로 억울하게 거부된 샘플 예시 (총 653건 중 최대 8건 샘플)]
  - 정답=L0 예측=L0(purity=90.0%) raw_score=0.000550 combo_score=0.000055 | 코로나19 확진자1명 발생(중산동 거주) 방역소독 완료, 이천병원 격리병상 입원, 카카오톡 고양시 
  - 정답=L0 예측=L0(purity=95.0%) raw_score=0.004192 combo_score=0.000210 | 코로나19 예방을 위해 올해 추석명절은 몸은 멀리 마음은 가까이, 가족과 함께가 아닌 가족을 위한 
  - 정답=L0 예측=L0(purity=95.0%) raw_score=0.006166 combo_score=0.000308 | 대북물자(풍선.쌀) 살포는 주민안전을 위협하는 행위임을 알려드리며 공터를 배회하는 외지차 및 “허”
  - 정답=L0 예측=L0(purity=95.0%) raw_score=0.002089 combo_score=0.000104 | 강설로 인한 영향으로, 전력 공급이 중단된 지역에 대한 복구가 지연되고 있사오니, 담요 등 자체 난
  - 정답=L0 예측=L0(purity=95.0%) raw_score=0.001654 combo_score=0.000083 | 임시선별진료소(하양읍사무소, 3.20(토) 10:00~14:00) 또는 가까운 선별진료소에서 검사바
  - 정답=L0 예측=L0(purity=95.0%) raw_score=0.001254 combo_score=0.000063 | 2.3일~4일 평창군청 민원과를 방문하신분은 평창군보건의료원 선별검사소에서 검사받으시기 바랍니다
  - 정답=L0 예측=L0(purity=95.0%) raw_score=0.001191 combo_score=0.000060 | 11월24일(화)10:00~17:00사이 대병버스정류장매표소에서 표를구입하신 분은 즉시 합천군보건소
  - 정답=L0 예측=L0(purity=95.0%) raw_score=0.003343 combo_score=0.000167 | 코로나19로부터 나의 소중한 가족과 친지들의 안전을 위해 (8.7.~13.)서울 성북구 사랑제일교회

[해석 가이드]
- '정분류였는데 거부'(방향 B)가 raw 대비 combo에서 줄었다면 -> 이웃 라벨 일치도가 실제로 변별력 있는 신호라는 근거
- '오분류라서 거부'(방향 A 포착력)가 combo에서도 유지/개선됐다면 -> 부작용 없이 보정된 것
- '노벨 7개중 탐지'가 combo에서 줄었다면 -> 노벨 샘플 주변에도 우연히 같은 라벨 이웃이 몰려있어 구제되어 버리는 트레이드오프
- train purity의 표준편차가 confidence보다 훨씬 크다면 -> 이 신호가 실제로 폭넓게 분포하며 변별 정보를 담고 있다는 뜻

결과 저장: D:\Users\Namhyeonseung\Desktop\파일\대학 수업\3학년\1학기\딥러닝 기초\프로젝트\pipeline_v22\results\experiment_neighbor_purity.txt
