Device: cuda
데이터 로드 중...
  train=95890  val=20548
Loading weights:   0%|          | 0/201 [00:00<?, ?it/s]Loading weights: 100%|##########| 201/201 [00:00<00:00, 4707.07it/s]
train CLS 임베딩/예측/confidence 추출 중...
val CLS 임베딩/예측/confidence 추출 중...
raw(KNN) 거리 계산 중 (K=20)...
  A(억울한 거부)=2878건   B(정상 통과 기준군)=92536건
====================================================================================================
[9단계] 억울한 거부 샘플 패턴 진단 (raw 기준 OOD 판정, K=20 PCT=96)
====================================================================================================
A = 억울한 거부 (정분류인데 raw=OOD)
B = 정상 통과 기준군 (정분류이고 raw=in)
A=2878건 (3.00% of 전체 95890)   B=92536건 (96.50% of 전체)

----------------------------------------------------------------------------------------------------
[1] 진짜 라벨(클래스) 분포 비교  -  특정 클래스에 쏠려 있는가?
----------------------------------------------------------------------------------------------------
  라벨   |       A(억울한 거부) 건수     A 비율 |      B(정상 통과) 건수     B 비율 |   쏠림(A/B 비율)
  L0   |               1525   52.99% |            44705   48.31% |        1.10x
  L1   |                791   27.48% |            27082   29.27% |        0.94x
  L2   |                157    5.46% |             8475    9.16% |        0.60x
  L3   |                346   12.02% |             8978    9.70% |        1.24x
  L4   |                 59    2.05% |             3296    3.56% |        0.58x
(쏠림 1.0x = 두 그룹에서 비율이 동일. 1.0x보다 크면 그 클래스가 억울한 거부에 과대표집된 것)

----------------------------------------------------------------------------------------------------
[2] 텍스트 길이(글자 수) 분포 비교  -  유난히 짧거나 긴가?
----------------------------------------------------------------------------------------------------
  A(억울한 거부) : 평균=74.34자  중앙값=79.00자  표준편차=25.14자  IQR=[66.00, 83.00]자
  B(정상 통과)   : 평균=76.33자  중앙값=80.00자  표준편차=12.97자  IQR=[72.00, 83.00]자

----------------------------------------------------------------------------------------------------
[3] 모델 confidence(확신도) 분포 비교  -  확신 낮은 경계선 샘플들인가?
----------------------------------------------------------------------------------------------------
  A(억울한 거부) : 평균=85.77%  중앙값=88.35%  표준편차=8.98%  IQR=[84.95, 90.10]%
  B(정상 통과)   : 평균=91.90%  중앙값=90.27%  표준편차=2.87%  IQR=[89.31, 94.79]%

----------------------------------------------------------------------------------------------------
[4] raw_score가 threshold를 넘은 정도(margin)  -  살짝 넘었나, 한참 넘었나?
----------------------------------------------------------------------------------------------------
  margin = raw_score - 그 샘플의 클래스 threshold
  A(억울한 거부) margin 분포 : 평균=0.01  중앙값=0.00  표준편차=0.02  IQR=[0.00, 0.01]
  -> margin이 하위 25% 구간(threshold를 '살짝'만 넘긴 경계선 케이스): 720건 / 2878건 (25.0%)

----------------------------------------------------------------------------------------------------
[5] 억울한 거부(A)에서 정상군(B) 대비 과대표집된 단어 TOP 20
    (도큐먼트 빈도 기준, A에서 최소 15건 이상 등장한 단어만 집계)
----------------------------------------------------------------------------------------------------
단어           |    A 등장     A 비율 |    B 등장     B 비율 |    과대표집 배율
산록도로         |      22    0.76% |      14    0.02% |     47.16x
비자림로         |      16    0.56% |      10    0.01% |     46.77x
소형체인         |      21    0.73% |      16    0.02% |     39.72x
제주경찰청        |      21    0.73% |      35    0.04% |     18.76x
영도           |      19    0.66% |      38    0.04% |     15.66x
전면통제         |      27    0.94% |      61    0.07% |     14.00x
기장           |      18    0.63% |      42    0.05% |     13.46x
강서           |      18    0.63% |      47    0.05% |     12.06x
연제           |      18    0.63% |      52    0.06% |     10.92x
금정           |      19    0.66% |      58    0.06% |     10.35x
부산진          |      20    0.69% |      62    0.07% |     10.21x
해운대          |      25    0.87% |      82    0.09% |      9.68x
동래           |      18    0.63% |      60    0.07% |      9.49x
도로통제         |      24    0.83% |      83    0.09% |      9.19x
사하           |      26    0.90% |      92    0.10% |      8.99x
함평           |      18    0.63% |      68    0.07% |      8.39x
사상           |      19    0.66% |      75    0.08% |      8.04x
중지           |      18    0.63% |      72    0.08% |      7.93x
강진           |      18    0.63% |      73    0.08% |      7.82x
예비특보         |      18    0.63% |      75    0.08% |      7.62x

----------------------------------------------------------------------------------------------------
[참고] 억울한 거부(A) 샘플 랜덤 12건 (margin이 큰 순으로 정렬한 뒤 상위/하위 섞어 표본)
----------------------------------------------------------------------------------------------------
  - 라벨=L1 conf=48.5% margin=+0.30996 길이=346자 | 아래의 지역을 대상으로 순환정전이 실시 됩니다.  대상지역  ===================== 경상남도 진주시, 진성면,
  - 라벨=L1 conf=51.5% margin=+0.28021 길이=655자 | 아래의 지역을 대상으로 순환정전이 실시 됩니다.  대상지역  ===================== 경상남도 진주시   - 진
  - 라벨=L1 conf=58.3% margin=+0.25524 길이=426자 | 아래의 지역을 대상으로 순환정전이 시행중입니다.  대상지역   ===================== 울산광역시 울주군  -두
  - 라벨=L0 conf=36.8% margin=+0.21977 길이=84자 | 연휴이후 코로나19감염추이를 지켜봐야하는 중요시기입니다▲발열,기침,미각·후각상실 등 증상시▲외출하지마시고▲선별진료소문의(930
  - 라벨=L1 conf=69.1% margin=+0.19583 길이=82자 | 2.19.(토) 확진자 27명 발생(확진자접촉16,선제검사2,타지역접촉4,조사중5)▶지인 만남, 타지역 이동 자제▶감기증상시 
  - 라벨=L2 conf=61.9% margin=+0.18464 길이=47자 | 지진행동요령 http://me2.do/GXcbDlN0 -재난상황실(888-6119)-
  - 라벨=L4 conf=87.4% margin=+0.00001 길이=84자 | 금일13시 구례군 산사태위기경보 '주의' 단계 및 호우주의보 발령. 산사태, 상습침수, 계곡등 위험지역에 계신분들은 유사시 안
  - 라벨=L0 conf=90.0% margin=+0.00001 길이=70자 | ▲코로나19로 인한 가구소득(근로,사업) 감소 등으로 생계가 곤란한 경우 ▲기준중위소득 75%이하, 재산3.5억원 이하인 가구
  - 라벨=L4 conf=84.7% margin=+0.00000 길이=82자 | 17시56분 경북 칠곡군 서쪽 5km 지역 규모 2.5 지진발생 낙하물로 머리보호, 진동 멈춘 후 신발신고 계단을 통해 넓은 
  - 라벨=L0 conf=89.6% margin=+0.00000 길이=61자 | ① 고양시 확진자가 8.17.~18. 강진군에 방문하였습니다. 방문한 모든 동선에 대해 방역소독을 완료하였고,
  - 라벨=L4 conf=88.0% margin=+0.00000 길이=83자 | 8월20일 민방위훈련 공습경보 발령시 가까운 지하나 민방위대피소로 대피바랍니다. 대피소찾기는 국민재난안전포털,서울안전누리,네이
  - 라벨=L0 conf=89.4% margin=+0.00000 길이=51자 | 버스파업 관련 전세버스 임시운행 예정. 운행시간 등은 의령군,읍면사무소,터미널 확인바랍니다.

[해석 가이드]
- [1]에서 특정 클래스(특히 L0처럼 표현이 정형화된 코로나/공지성 클래스)의 쏠림 배율이 1.5x 이상이면
  -> '그 클래스 특유의 표현 패턴이 학습 임베딩 분포에서 이질적으로 군집되어 있다'는 구조적 신호
- [2]에서 A가 B보다 유의미하게 짧거나 길면 -> 길이 자체가 임베딩을 일반 군집에서 밀어내는 요인일 수 있음
- [3]에서 A의 confidence가 B와 큰 차이 없이 높다면 -> '모델은 확신하는데 임베딩만 이상치로 찍히는' 모순 -> OOD score가 모델 확신도와 독립적인 별개 신호라는 근거
- [4]에서 margin 하위 25% 비율이 높다면 -> threshold를 살짝 조정(소폭 완화)하는 것만으로 상당수 구제 가능 (저위험 튜닝 여지)
- [5]에서 특정 템플릿성 단어가 과대표집되면 -> 그 표현을 포함한 메시지들이 임베딩 공간에서 별도 군집을 이뤄 OOD로 오판되는 원인일 수 있음

결과 저장: D:\Users\Namhyeonseung\Desktop\파일\대학 수업\3학년\1학기\딥러닝 기초\프로젝트\pipeline_v22\results\experiment_unjust_rejection_diagnosis.txt
