Device: cuda
데이터 로드 중...
  train=95890  val=20548
Loading weights:   0%|          | 0/201 [00:00<?, ?it/s]Loading weights: 100%|##########| 201/201 [00:00<00:00, 14086.37it/s]
train CLS 임베딩/예측 추출 중...
  shape: (95890, 768)
val CLS 임베딩/예측 추출 중...
  shape: (20548, 768)
20개 테스트 메시지 임베딩/기본예측 계산 중...
raw(KNN) 거리 계산 중 (K=20)...
클래스별 평균 벡터 / pooled 공분산행렬 계산 중...
  공분산행렬 shape=(768, 768)  평균분산=0.004547  shrinkage=0.00000455
Mahalanobis 거리 채점 중 (1회 계산 후 PCT 후보별로 재사용)...
PCT 후보 [96, 97, 98] 에 대해 mahalanobis 채점 비교 중...
====================================================================================================
[9단계] Mahalanobis 적용 + PCT(threshold) 후보 통합 비교 실험
====================================================================================================
raw(기존)   : score = mean(KNN거리) (등방적 거리), PCT=96
mahalanobis : score = sqrt((x-mu_c)^T * Sigma^-1 * (x-mu_c)) (분포 모양 반영)
PCT 후보: [96, 97, 98]  (96=기존 기준, 97/98=threshold를 '완화'하여 학습거부 추가 감소 시도)
  -> PCT를 높이면 class별 threshold(percentile 기준값)가 커져서 score>thr 인 샘플이 줄어듦
     (단, 너무 높이면 진짜 이상치(노벨)까지 통과시킬 위험 -> 노벨 7개 탐지율로 안전선 확인)
학습 샘플 수: 95890   |   노벨 시나리오 메시지 번호: [1, 2, 3, 4, 5, 9, 10] (총 7개)

        방식         |      학습거부     거부율 |      정분류였는데 거부     오분류라서 거부 |  20개중 OOD |    노벨 7개중 탐지
----------------------------------------------------------------------------------------------------
  raw(기존,PCT=96)   |      3280   3.42% |           2878          402 |        11 |         3/7
maha(PCT=96) 기존동일  |      3140   3.27% |           2744          396 |        11 |         3/7
   maha(PCT=97)    |      2227   2.32% |           1836          391 |         8 |         2/7
   maha(PCT=98)    |      1444   1.51% |           1061          383 |         8 |         2/7

[raw(PCT=96) 대비 변화량 및 채택 가능성 판정]
  PCT=96: 학습거부 -140건, 정분류였는데 거부 -134건, 오분류라서 거부 -6건, 노벨탐지 3/7  -> 채택 가능 (노벨탐지 유지/개선)
  PCT=97: 학습거부 -1053건, 정분류였는데 거부 -1042건, 오분류라서 거부 -11건, 노벨탐지 2/7  -> 위험 (노벨탐지 하락 -> 기각)
  PCT=98: 학습거부 -1836건, 정분류였는데 거부 -1817건, 오분류라서 거부 -19건, 노벨탐지 2/7  -> 위험 (노벨탐지 하락 -> 기각)

[권고] 노벨탐지를 유지하면서 '정분류였는데 거부'를 가장 많이 줄이는 조합: mahalanobis + PCT=96 (raw 대비 정분류 거부 +134건 추가/총 개선)

====================================================================================================
[20개 메시지 OOD 판정 상세: raw(PCT=96) vs mahalanobis(PCT 후보별)]
====================================================================================================
 #  정답    기본예측   maha_score    raw96   m96    m97    m98     메시지
----------------------------------------------------------------------------------------------------
 1* L 4     L2      29.760       in     in     in     in     컴퓨터 해킹으로 전력망 마비. 병원 비상전원 가동 중. 인근 ...
 2* L 3     L0      47.528      OOD    OOD     in     in     해저 광케이블 절단으로 광역 통신 두절. 비상 연락망 사용 바...
 3* L 3     L1      30.367       in     in     in     in     태양폭풍으로 GPS통신위성 오작동. 항공선박 운항 위험. 야외...
 4* L 4     L2      30.949       in     in     in     in     반도체 공장 냉각수 유출. 독성물질 검출. 인근 2km 주민 ...
 5* L 4     L0     104.485      OOD    OOD    OOD    OOD     해수면 급상승으로 해안 저지대 침수 진행 중. 고지대 이동 바...
 6  L 2     L1      44.106       in     in     in     in     가스관 노후로 인한 누출 감지. 불꽃 사용 삼가고 환기 권장.
 7  L 2     L2     203.784      OOD    OOD    OOD    OOD     열돔 현상 지속. 사흘째 40도 이상. 야외 노동자 노약자 건...
 8  L 3     L2      76.584      OOD    OOD    OOD    OOD     지하철 전기 합선으로 연기 발생. 해당 노선 운행 중단. 승객...
 9* L 4     L2     122.072      OOD    OOD    OOD    OOD     강 상류 댐 균열 발견. 하류 주민 고지대 이동 권장.
10* L 4     L2      29.796       in     in     in     in     핵발전소 냉각 계통 이상. 반경 10km 주민 예방 대피 진행...
11  L 3     L1      52.481      OOD    OOD     in     in     대규모 산불 확산 중. 바람 방향 주의 요망. 연기 흡입 피해...
12  L 1     L0      32.685       in     in     in     in     오늘 밤부터 기온이 영하 20도까지 떨어질 예정. 수도관 관리...
13  L 1     L1      72.743      OOD    OOD    OOD    OOD     신종 호흡기 바이러스 지역사회 전파 확인. 마스크 착용 손씻기...
14  L 2     L2      45.485       in     in     in     in     바이러스 변종 출현. 기존 백신 효능 불명확. 외출 최소화 권...
15  L 1     L1      80.078      OOD    OOD    OOD    OOD     황사 농도 매우 나쁨. 미세먼지 동반. 창문 닫고 외출 시 마...
16  L 1     L1      49.946      OOD    OOD     in     in     항 인근 해역 적조 발생. 어패류 채취 섭취 주의.
17  L 1     L1      37.148       in     in     in     in     AI조류인플루엔자 의심 사례 발생. 가금류 접촉 자제.
18  L 3     L1      33.645       in     in     in     in     도심 집중호우로 지하차도 침수. 우회 도로 이용 바람.
19  L 3     L2     135.895      OOD    OOD    OOD    OOD     고압 전선 도로 낙하. 접근하지 마시고 신고 바람.
20  L 3     L2     120.009      OOD    OOD    OOD    OOD     식수원 오염 의심. 수돗물 음용 잠정 중단. 생수 배급 예정.

* = 노벨 시나리오로 간주한 메시지

[해석 가이드]
- '학습거부'/'정분류였는데 거부'가 raw(PCT=96) 대비 줄었는지가 1차 개선 지표
- '노벨 7개중 탐지'가 raw의 3/7 미만으로 떨어지면 그 PCT 후보는 기각 (OOD 탐지 본래 목적 훼손)
- 두 조건(정분류 거부 감소 + 노벨탐지 유지)을 모두 만족하는 PCT 중 가장 많이 줄인 값이 최종 채택 후보
- 위 [권고] 항목이 비어있다면 mahalanobis(PCT=96)만 적용하는 것이 가장 안전한 선택

결과 저장: D:\Users\Namhyeonseung\Desktop\파일\대학 수업\3학년\1학기\딥러닝 기초\프로젝트\pipeline_v22\results\experiment_mahalanobis_threshold_combo.txt
