Device: cuda
데이터 로드 중...
  train=95890  val=20548
Loading weights:   0%|          | 0/201 [00:00<?, ?it/s]Loading weights: 100%|##########| 201/201 [00:00<00:00, 5611.09it/s]
train CLS 임베딩/예측 추출 중...
  shape: (95890, 768)
val CLS 임베딩/예측 추출 중...
  shape: (20548, 768)
20개 테스트 메시지 임베딩/기본예측 계산 중...
raw(KNN) 거리 계산 중 (K=20)...
클래스별 평균 벡터 / pooled 공분산행렬 계산 중 (학습데이터의 '진짜 라벨' 기준)...
  공분산행렬 shape=(768, 768)  평균분산=0.004547  shrinkage=0.00000455
  공분산행렬 역행렬 계산 중...
Mahalanobis 거리 채점 중 (예측 라벨의 클래스 평균 기준)...
  train mahalanobis 분포: mean=22.713  std=11.240  min=9.472  max=239.363
PCT=96 기준으로 raw / mahalanobis 두 방식 채점 중...
====================================================================================================
[8단계] Mahalanobis 거리 기반 score 검증 실험 (K=20(raw 비교용), PCT=96 고정)
====================================================================================================
raw(기존)   : score = mean(KNN거리)                         (등방적 거리)
mahalanobis : score = sqrt((x-mu_c)^T * Sigma^-1 * (x-mu_c)) (클래스 분포 모양 반영, 비등방적)
              c = 예측 라벨, mu_c = 클래스 c 평균임베딩, Sigma = 전클래스 pooled 공분산
공분산행렬: shape=(768, 768)  평균분산=0.004547  shrinkage=0.00000455
train mahalanobis 분포: 평균=22.713  표준편차=11.240  최소=9.472  최대=239.363
학습 샘플 수: 95890   |   노벨 시나리오 메시지 번호: [1, 2, 3, 4, 5, 9, 10] (총 7개 - 해킹/광케이블/태양폭풍/반도체/해수면/댐/핵발전소 등 기존 5개 재난유형 범주를 벗어나는 신종 시나리오)

      방식       |      학습거부     거부율 |      정분류였는데 거부     오분류라서 거부 |  20개중 OOD |    노벨 7개중 탐지
----------------------------------------------------------------------------------------------------
   raw(기존)     |      3280   3.42% |           2878          402 |        11 |         3/7
 mahalanobis   |      3140   3.27% |           2744          396 |        11 |         3/7

[raw -> mahalanobis 변화] 학습거부 3280 -> 3140 (-140),  정분류였는데 거부 2878 -> 2744 (-134),  노벨탐지 3/7 -> 3/7

[학습 데이터 차원 raw -> mahalanobis 전환 분석]
  - 억울한 거부에서 구제됨 (정분류인데 raw=OOD -> maha=in)      :    457 건  (방향 B 개선)
  - 오분류 거부에서 풀려남 (오분류인데 raw=OOD -> maha=in)       :      8 건  (놓친 오분류, 부작용)
  - 새로 억울하게 거부됨 (정분류인데 raw=in  -> maha=OOD)       :    323 건  (새 부작용)
  - 새로 오분류 거부 포착 (오분류인데 raw=in  -> maha=OOD)       :      2 건  (방향 A 개선)

[기준 raw 대비, 20개 메시지 OOD 판정이 바뀌는 지점 (mahalanobis 적용 시)]
  OOD->in 전환 없음 (이 중 노벨 손실: 없음)
  in->OOD 전환 없음 (이 중 노벨 추가: 없음)

====================================================================================================
[20개 메시지 OOD 판정 상세: raw vs mahalanobis]
====================================================================================================
 #  정답    기본예측   maha_score     raw  maha    메시지
----------------------------------------------------------------------------------------------------
 1* L 4     L2      29.760       in    in    컴퓨터 해킹으로 전력망 마비. 병원 비상전원 가동 중. 인근 주민 대...
 2* L 3     L0      47.528      OOD   OOD    해저 광케이블 절단으로 광역 통신 두절. 비상 연락망 사용 바람.
 3* L 3     L1      30.367       in    in    태양폭풍으로 GPS통신위성 오작동. 항공선박 운항 위험. 야외 활동 ...
 4* L 4     L2      30.949       in    in    반도체 공장 냉각수 유출. 독성물질 검출. 인근 2km 주민 실내 대...
 5* L 4     L0     104.485      OOD   OOD    해수면 급상승으로 해안 저지대 침수 진행 중. 고지대 이동 바람.
 6  L 2     L1      44.106       in    in    가스관 노후로 인한 누출 감지. 불꽃 사용 삼가고 환기 권장.
 7  L 2     L2     203.784      OOD   OOD    열돔 현상 지속. 사흘째 40도 이상. 야외 노동자 노약자 건강 위협...
 8  L 3     L2      76.584      OOD   OOD    지하철 전기 합선으로 연기 발생. 해당 노선 운행 중단. 승객 역사 ...
 9* L 4     L2     122.072      OOD   OOD    강 상류 댐 균열 발견. 하류 주민 고지대 이동 권장.
10* L 4     L2      29.796       in    in    핵발전소 냉각 계통 이상. 반경 10km 주민 예방 대피 진행 중.
11  L 3     L1      52.481      OOD   OOD    대규모 산불 확산 중. 바람 방향 주의 요망. 연기 흡입 피해야.
12  L 1     L0      32.685       in    in    오늘 밤부터 기온이 영하 20도까지 떨어질 예정. 수도관 관리 각별히...
13  L 1     L1      72.743      OOD   OOD    신종 호흡기 바이러스 지역사회 전파 확인. 마스크 착용 손씻기 생활화...
14  L 2     L2      45.485       in    in    바이러스 변종 출현. 기존 백신 효능 불명확. 외출 최소화 권고.
15  L 1     L1      80.078      OOD   OOD    황사 농도 매우 나쁨. 미세먼지 동반. 창문 닫고 외출 시 마스크 필...
16  L 1     L1      49.946      OOD   OOD    항 인근 해역 적조 발생. 어패류 채취 섭취 주의.
17  L 1     L1      37.148       in    in    AI조류인플루엔자 의심 사례 발생. 가금류 접촉 자제.
18  L 3     L1      33.645       in    in    도심 집중호우로 지하차도 침수. 우회 도로 이용 바람.
19  L 3     L2     135.895      OOD   OOD    고압 전선 도로 낙하. 접근하지 마시고 신고 바람.
20  L 3     L2     120.009      OOD   OOD    식수원 오염 의심. 수돗물 음용 잠정 중단. 생수 배급 예정.

* = 노벨 시나리오로 간주한 메시지

[참고: 억울한 거부에서 구제된 샘플 예시 (총 457건 중 최대 8건 샘플)]
  - 정답=L2 예측=L2 raw_score=0.008526 maha_score=54.724 | 청양 전역 산사태 "심각" 단계 발령 ▲산사태 우려지역에 계신 분들은 친인척집 또는 마을회관 등 안
  - 정답=L0 예측=L0 raw_score=0.008741 maha_score=40.988 | 9.26.(일) 24시 기준 확진자 2명 발생(격리중)√타지역 방문 및 타지역 거주자 접촉시 증상이
  - 정답=L2 예측=L2 raw_score=0.010402 maha_score=56.580 | 부산 180번 확진자(60대,여,부산부경보건고 관련) 관내 동선/8.5.노포역→덕계동(12:54, 
  - 정답=L1 예측=L1 raw_score=0.007349 maha_score=44.116 | 우리시 인근 창원,합천,진주,양산,고성,함양 확진자 14명으로 외출자제, 마스크 착용, 손씻기로 예
  - 정답=L1 예측=L1 raw_score=0.006613 maha_score=47.013 | 한파 지속, 강설 예보 △외출 자제, 외출시 방한용품 착용 △주변이웃 및 취약계층 안전 확인 △눈길
  - 정답=L1 예측=L1 raw_score=0.007437 maha_score=45.681 | 9.18.(일) 15시기준 40명 발생▲태풍 난마돌 북상중▲태풍대비 국민행동요령 안내 https:/
  - 정답=L3 예측=L3 raw_score=0.003816 maha_score=45.041 | 오늘 산내면 많은 비로 산사태 주의보 발령, 산림주변 위험지역 접근, 통행 금지 및 대피명령 있을 
  - 정답=L0 예측=L0 raw_score=0.007469 maha_score=42.418 | 25일 19시 현재 코로나19 확진자는 총3명으로 모두 격리병상에 입원조치하고, 역학조사 후 이동경

[참고: mahalanobis 적용 후 새로 억울하게 거부된 샘플 예시 (총 323건 중 최대 8건 샘플)]
  - 정답=L0 예측=L0 raw_score=0.004833 maha_score=48.223 | 기장군확진자동선  아버지차>08:30동남권원자력의학원선별진료소>09:00아버지차>09:10부친사무실
  - 정답=L4 예측=L4 raw_score=0.002492 maha_score=44.335 | 폭염경보 발효 중 ▲한낮 야외작업 자제 ▲1인 작업 금지 ▲그늘에서 자주 휴식 ▲충분한 수분 섭취 
  - 정답=L0 예측=L0 raw_score=0.005094 maha_score=46.608 | 폭염이 지속되고 있습니다. 외부 활동을 최소화하고, 수분 섭취·그늘 휴식을 꼭 지켜서 열사병을 예방
  - 정답=L0 예측=L0 raw_score=0.005550 maha_score=45.692 | 화순368,장흥69,강진165,해남102,영암173,무안449,함평95,영광124,장성108,완도1
  - 정답=L3 예측=L3 raw_score=0.003031 maha_score=46.038 | 오늘 10:00 충남 계룡 건조주의보. 입산 시 금연, 화기소지 및 취사금지, 폐기물 소각금지. 가
  - 정답=L2 예측=L2 raw_score=0.004936 maha_score=77.187 | ‘21.1.18~1.31. 포항시 사회적거리두기 2단계 연장▲유흥주점,단란주점,콜라텍,홀덤펍,파티룸
  - 정답=L0 예측=L0 raw_score=0.004921 maha_score=53.220 | 704번 , 705번(망포1동), 706(원천동), 707번(우만1동),
  - 정답=L0 예측=L0 raw_score=0.004384 maha_score=45.559 | ▲노래연습장, 실내체육시설 21시 이후 운영중단 ▲식당, 카페 21시 이후 포장, 배달만 허용 ▲목

[해석 가이드]
- '정분류였는데 거부'(방향 B)가 raw 대비 mahalanobis에서 줄었다면 -> 비등방적 분포 보정이 실제로 효과 있다는 근거
- '오분류라서 거부'(방향 A 포착력)가 mahalanobis에서도 유지/개선됐다면 -> 부작용 없이 보정된 것
- '노벨 7개중 탐지'가 mahalanobis에서 늘었거나 최소 유지됐다면 -> 분포 모양을 반영한 거리가 진짜 이상치 포착에도 유리하다는 근거
- 세 조건을 모두 만족하면 mahalanobis 방식이 raw보다 더 나은 대안이 될 수 있음 (메모리에 기록된 이전 검증 결과 42.9%->85.7%와 일관되는지 확인)

결과 저장: D:\Users\Namhyeonseung\Desktop\파일\대학 수업\3학년\1학기\딥러닝 기초\프로젝트\pipeline_v22\results\experiment_mahalanobis.txt
