Device: cuda
GPU: NVIDIA GeForce RTX 5060 Laptop GPU

데이터 로드 중...
Train: 142,011 / Val: 30,431 / Test: 30,431

학습 데이터 레이블 분포:
  Label 0 (긴급 아님): 89,869건 (63.3%)
  Label 1 (낮은 긴급성): 29,488건 (20.8%)
  Label 2 (중간 긴급성): 8,843건 (6.2%)
  Label 3 (높은 긴급성): 9,965건 (7.0%)
  Label 4 (매우 높은 긴급성): 3,846건 (2.7%)

토크나이저 로드 중...

KLUE-BERT 모델 로드 중...

총 22,190 스텝 (5 에폭 × 4,438 배치)
※ GPU 기준 에폭당 약 3~8분, CPU 기준 약 20~40분 예상

Epoch 1/5 | Train Loss: 0.0764 | Val Loss: 0.0059 | Val Acc: 99.75% | Val Macro F1: 99.58% | 소요: 27m 35s | 남은 시간: 1h 50m 22s
  >> Best model 저장 (Val Macro F1: 99.58%)
Epoch 2/5 | Train Loss: 0.0024 | Val Loss: 0.0043 | Val Acc: 99.85% | Val Macro F1: 99.76% | 소요: 27m 30s | 남은 시간: 1h 22m 39s
  >> Best model 저장 (Val Macro F1: 99.76%)
Epoch 3/5 | Train Loss: 0.0010 | Val Loss: 0.0028 | Val Acc: 99.92% | Val Macro F1: 99.89% | 소요: 28m 23s | 남은 시간: 55m 40s
  >> Best model 저장 (Val Macro F1: 99.89%)
Epoch 4/5 | Train Loss: 0.0004 | Val Loss: 0.0030 | Val Acc: 99.89% | Val Macro F1: 99.85% | 소요: 28m 04s | 남은 시간: 27m 53s
Epoch 5/5 | Train Loss: 0.0002 | Val Loss: 0.0025 | Val Acc: 99.93% | Val Macro F1: 99.91% | 소요: 27m 26s | 남은 시간: 0m 00s
  >> Best model 저장 (Val Macro F1: 99.91%)

학습 곡선 저장: results/training_curves_clean.png

총 학습 시간: 2h 19m 02s

Best model 로드 후 Test 평가 중...

==========================================================
=== 최종 평가 결과 ===
==========================================================
Accuracy:     99.93%
Macro F1:     99.90%

클래스별 성능:
  Label 0 (긴급 아님 (0)           ) - P: 100.0% / R: 100.0% / F1: 100.0%
  Label 1 (낮은 긴급성 (1)          ) - P:  99.8% / R:  99.9% / F1:  99.9%
  Label 2 (중간 긴급성 (2)          ) - P:  99.9% / R:  99.8% / F1:  99.8%
  Label 3 (높은 긴급성 (3)          ) - P: 100.0% / R:  99.9% / F1:  99.9%
  Label 4 (매우 높은 긴급성 (4)       ) - P:  99.9% / R:  99.9% / F1:  99.9%

오분류 분석:
  Label 0 (긴급 아님 (0)): 전체 19258건 중 8건 오분류 (0.0%)
  Label 1 (낮은 긴급성 (1)): 전체 6319건 중 5건 오분류 (0.1%)
  Label 2 (중간 긴급성 (2)): 전체 1895건 중 4건 오분류 (0.2%)
  Label 3 (높은 긴급성 (3)): 전체 2135건 중 2건 오분류 (0.1%)
  Label 4 (매우 높은 긴급성 (4)): 전체 824건 중 1건 오분류 (0.1%)
==========================================================

저장 완료:
  모델:      model_clean/
  토크나이저: tokenizer/
  학습 로그:  results/train_log_clean.csv
  평가 결과:  results/evaluation_report_clean.txt
  혼동행렬:   results/confusion_matrix_clean.png
  학습 곡선:  results/training_curves_clean.png
